vol1. 2018.09.05
- 주제 : 빅데이터를 통한 유기동물 현황분석과 개선안 제시
        -> 현재 유기동물의 입양률을 높임으로써, 유기동물 발생을 줄이자
           : 반려인교육, 보호소 증설

- 데이터셋
  1) 실시간 데이터(2018~)

  2) 과거데이터(~2017)
      # 통계 분석
        <feature> : 접수일, 발견장소, 품종, 색상, 나이, 체중, 공고번호, 공고시작일, 공고종료일, 상태, 성별, 중성화유무, 특징, 보호소이름, 보호소전화번호, 보호장소, 관할기관, 담당자, 담당자연락처, 특이사항

        1] 유기 현황 (feature별)
           어떤 종류(ex.견종/고양인지개인지), 어떤지역, 성별, 나이, 기간별, 중성화유무, 건강상태, 년도별(상관관계분석시사용)

        2] 입양 현황 (feature별)
            :지역(유기동물보호소기준), 품종, 색상, 나이, 체중, 성별, 중성화..별

        3] 현재 보호소 현황 (위치기준)
	   : 위치기준, 보호소 종류

        4] 반환 현황 (실주인에게 반환될 확률)
           : 칩 유무, 지역(보호소 종류)에 따른 확률

        5] 안락사/자연사 현황
           : 발견 당시 건강상태

	6] 발견당시 현황 (실제 유기됬는지/분실인지)
	   : 발견당시의 상태 (목걸이유무, 옷, 칩,..)

        ] etc(생각나는 키워드)
          : 유동인구, 재개발

- 문제점지적 및 방안추천


vol2. 2018.09.20
- 주제 : 빅데이터를 통한 유기동물 현황분석과 개선안 제시
	현재 유기동물의 입양률을 높임으로써, 유기동물 발생을 줄이자
		: 반려인교육, 보호소 증설
- 데이터셋
	1) 실시간 데이터(2018~)
	
	2) 과거데이터(~2017)
		통계 분석
		<feature> : 접수일, 발견장소, 품종, 색상, 나이, 체중, 공고번호, 공고시작일, 공고종료일, 상태, 성별, 중성화유무, 특징, 보호소이름, 보호소전화번호, 보호장소, 관할기관, 담당자, 담당자연락처, 특이사항
		1] 유기 현황 (feature별)
			어떤 종류(ex.견종/고양인지개인지), 어떤지역, 성별, 나이, 기간별, 중성화유무, 년도별(상관관계분석시사용)
			etc(생각나는 키워드)
			유동인구, 재개발, 가구수(1인 가구), 정책, 주변나라 현황, 수집현황(관리자)
		2] 입양(feature별), 반환(실주인에게 반환될 확률), 안락사, 자연사 현황
			지역(보호소 종류)에 따른 확률, 품종, 색상, 나이, 체중, 성별, 중성화
		3] 현재 보호소 현황 (위치기준)
			위치기준, 보호소 종류
- 문제점지적 및 방안추천
- 기술 포인트
	1] 크롤링
		API, 웹크롤링
	2] 데이터 전처리
		데이터 정제 자동화
	3] JSP
		(웹 사이트) 스토리 발표
	4] 리눅스 환경 구축
	5] 머신러닝
